[level]
tileset = tiles.png
map = XXXXXX............FFFFF............
      X#...X##..f#####.##FFFFF-------....
      X#..#X.#.ff..#...#.F#FF---------...
      X#XX####fssf.#...##FFF------------.
      .##.#..#fhhsf#...#..#.----------...
      ........ffssf...........-----......
      #.......#.ff.##..#.#.####....##.###
      ....................#wwww#.........
      .bbbbb....#..........####...#......
      .bwwwb.#..lll..lllll...##.........#
      .bwwwb....lwl..lwwwl...............
      .bwwwb....lll..lllll.#.....#.......
      xbbbbbxxxxxxxxxxxxxxxxxxxxxxxxxxxxx
      xxxxxx----xxxxxxxxxxxxxxxxxxxxxxxxx
      xxxxxx----xxxxxxxxxxxxxxxxxxxxxxxxx
      XXXXXX----XXXXXXXXXXXXXXXXXXXXXXXXX
      xxxxxxxxxXXXXXXXXXXXxxxxxxxxxxXxxxx
      XXXXXXXXXXXXXXXXXXXXXXXXXXXxxxxxxxx


[.]
name = floor
tile = 1,1

[#]
name = bush
tile = 2,1
block = false

[-]
name = water
tile = 0,0
block = true
wall = true

[x]
name = rocks1
tile = 5,1
block = true

[X]
name = rocks2
tile = 6,1
block = true

[w]
name = wood_floor
tile = 0,2
block = false

[b]
name = brick_wall
tile = 1,2
block = true

[l]
name = light_wall
tile = 2,2
block = true

[f]
name = fields
tile = 0,3
wall = true

[s]
name = seeded
tile = 4,2

[h]
name = harvest
tile = 5,2

[F]
name = forest
tile = 6,2
