[level]
tileset = tiles.png
map = XXXXXX.............................
      X#...X##...#####.###....-------....
      X#..#X.#.....#...#..#..---------...
      X#XX####.....#...###..------------.
      .##.#..#.....#...#..#.----------...
      ........................-----......
      ###################################
      ...................................
      .bbbbb....#.................#......
      .bwwwb.#..........##..............#
      .bwwwb.............................
      .bwwwb..........#..........#.......
      xbbbbbxxxxxxxxxxxxxxxxxxxxxxxxxxxxx
      xxxxxxxxxxxxxxxxxxxxxxxxxxxxxxxxxxx
      xxxxxxxxxxxxxxxxxxxxxxxxxxxxxxxxxxx
      XXXXXXXXXXXXXXXXXXXXXXXXXXXXXXXXXXX
      xxxxxxxxxXXXXXXXXXXXxxxxxxxxxxXxxxx
      XXXXXXXXXXXXXXXXXXXXXXXXXXXxxxxxxxx


[.]
name = floor
tile = 1,1

[#]
name = wall
tile = 2,1
block = true

[-]
name = water
tile = 3,0
block = true

[x]
name = rocks1
tile = 5,1
block = true

[X]
name = rocks2
tile = 6,1
block = true

[w]
name = wood_floor
tile = 0,2
block = true

[b]
name = brick_wall
tile = 1,2
block = true

